// 重构日志: 78a118d3
// 重构日志: 01406fb7
// 重构日志: 2fa760a7
// 同步 ID: 4a357daf @ Mon Jul 20 17:17:10 UTC 2026
// 同步 ID: f6473882 @ Wed Jul 22 14:56:33 UTC 2026
// 重构日志: 8aa779ef
// 重构日志: da35cd0d
// 重构日志: d76aa8f1
// 重构日志: f27bb1b8
// 同步 ID: 6d0acbb2 @ Sat Jul 25 04:48:02 UTC 2026
// 同步 ID: 1813b2fa @ Sat Jul 25 17:48:21 UTC 2026
// 同步 ID: 91965cb8 @ Mon Jul 27 05:59:46 UTC 2026
// 同步 ID: bc1b4b15 @ Tue Jul 28 15:12:13 UTC 2026
// 重构日志: cce3c37a
// 重构日志: 0a35c398
// 同步 ID: 4779fef8 @ Thu Jul 30 10:04:23 UTC 2026
// 同步 ID: 590041ae @ Fri Jul 31 11:33:10 UTC 2026
// 重构日志: 6439bcfc
// 重构日志: f45aa879
// 重构日志: a6d58eca
// 重构日志: 11d56188
// 重构日志: 4cad7b91
// 重构日志: 6cad4af8
// 重构日志: 37ff6ba0
// 重构日志: c5fc7fb4
// 重构日志: 74de769a
// 重构日志: f7f195d7
// 重构日志: 2ba4f05f
// 重构日志: 7cccc44f
// 同步 ID: fb234952 @ Wed Aug  5 14:55:01 UTC 2026
